--- local | device-manager | 2026-02-23T22:20:22.499Z ---
[REQUEST] req-008-add-device-creation
[thinking] Let me understand what I need to do:

1. I'm the device-manager service agent
2. I need to implement a device creation feature as requested in req-008-add-device-creation
3. The request is from the orchestrator
4. I need to:
   - Implement the device creation functionality
   - Update the contract if needed
   - Mark the request as completed
   - Move it to archive
   - Commit with "accord:" prefix
   - NOT push (dispatcher handles it)

Let me first understand the current codebase structure by r...
I'll help you implement the device creation feature for the device-manager service. Let me start by exploring the current codebase structure to understand the existing code patterns.
[Glob] **/*.java
/Users/zliu/IdeaProjects/multi-repo-project/device-manager/src/main/java/com/example/devicemanager/DeviceManagerApplication.java
/Users/zliu/IdeaProjects/multi-repo-project/device-manager/src/main/java/com/example/devicemanager/model/DeviceStatus.java
/Users/zliu/IdeaProjects/multi-repo-project/device-manager/src/main/java/com/example/devicemanager/model/PaginatedDeviceResponse.java
/Users/zliu/IdeaProjects/multi-repo-project/device-manager/src/main/java/com/example/devicemanager/repository/DeviceRepository.java
/Users/zliu/IdeaProjects/multi-repo-project/device-manager/src/main/java/com/example/devicemanager/service/DeviceService.java
/Users/zliu/IdeaProjects/multi-repo-project/device-manager/src/main/java/com/example/devicemanager/service/DeviceServiceImpl.java
/Users/zliu/IdeaProjects/multi-repo-project/device-manager/src/main/java/com/example/devicemanager/controller/DeviceController.java
/Users/zliu/IdeaProjects/multi-repo-project/device-manager/src/main/java/com/example/devicemanager/model/PluginProtocol.java
/Users/zliu/IdeaProjects/multi-repo-project/device-manager/src/main/java/com/example/devicemanager/model/Plugin.java
/Users/zliu/IdeaProjects/multi-repo-project/device-manager/src/main/java/com/example/devicemanager/model/Device.java

[Glob] src/main/java/**/*
/Users/zliu/IdeaProjects/multi-repo-project/device-manager/src/main/java/com/example/devicemanager/DeviceManagerApplication.java
/Users/zliu/IdeaProjects/multi-repo-project/device-manager/src/main/java/com/example/devicemanager/model/DeviceStatus.java
/Users/zliu/IdeaProjects/multi-repo-project/device-manager/src/main/java/com/example/devicemanager/model/PaginatedDeviceResponse.java
/Users/zliu/IdeaProjects/multi-repo-project/device-manager/src/main/java/com/example/devicemanager/repository/DeviceRepository.java
/Users/zliu/IdeaProjects/multi-repo-project/device-manager/src/main/java/com/example/devicemanager/service/DeviceService.java
/Users/zliu/IdeaProjects/multi-repo-project/device-manager/src/main/java/com/example/devicemanager/service/DeviceServiceImpl.java
/Users/zliu/IdeaProjects/multi-repo-project/device-manager/src/main/java/com/example/devicemanager/controller/DeviceController.java
/Users/zliu/IdeaProjects/multi-repo-project/device-manager/src/main/java/com/example/devicemanager/model/PluginProtocol.java
/Users/zliu/IdeaProjects/multi-repo-project/device-manager/src/main/java/com/example/devicemanager/model/Plugin.java
/Users/zliu/IdeaProjects/multi-repo-project/device-manager/src/main/java/com/example/devicemanager/model/Device.java

[Read] /Users/zliu/IdeaProjects/multi-repo-project/device-manager/.accord/contracts/device-manager.yaml
     1→# Accord External Contract Template
     2→# See PROTOCOL.md Section 2.1 for full specification.
     3→#
     4→# This file defines the API boundary for a service/module.
     5→# Other modules interact with this service exclusively through this contract.
     6→# Only the owning module may modify this file directly.
     7→# To propose changes, use the Message Protocol (request files).
     8→
     9→openapi: "3.0.3"
    10→
    11→info:
    12→  title: "device-manager API"
    13→  version: "0.1.0"
    14→  description: "API contract for the device-manager service."
    15→
    16→  # Accord-specific annotations:
    17→  #   x-accord-status: Lifecycle status of this contract.
    18→  #     draft      - Auto-generated by accord scan, needs human review.
    19→  #     stable     - Reviewed and approved. Active contract.
    20→  #     proposed   - A change has been proposed via a request.
    21→  #     deprecated - Scheduled for removal.
    22→  x-accord-status: draft
    23→
    24→  # x-accord-scanned: ISO 8601 timestamp of when this contract was generated.
    25→  #   Only present on contracts created by accord scan.
    26→  x-accord-scanned: ""
    27→
    28→paths:
    29→  /api/example/{id}:
    30→    # To mark an endpoint as proposed (linked to a request):
    31→    #   x-accord-status: proposed
    32→    #   x-accord-request: req-001-add-example-api
    33→    get:
    34→      summary: "Get example by ID"
    35→      operationId: getExampleById
    36→      parameters:
    37→        - name: id
    38→          in: path
    39→          required: true
    40→          schema:
    41→            type: string
    42→          description: "Unique identifier of the example"
    43→      responses:
    44→        '200':
    45→          description: "Successful response"
    46→          content:
    47→            application/json:
    48→              schema:
    49→                $ref: '#/components/schemas/Example'
    50→        '404':

... (truncated)
[thinking] Good! I can see:
1. The Device model already exists
2. DeviceService interface exists
3. DeviceServiceImpl exists
4. DeviceController exists
5. DeviceRepository exists
6. The contract file exists but is just a template

Let me read the existing files to understand the current structure:...

[Read] /Users/zliu/IdeaProjects/multi-repo-project/device-manager/src/main/java/com/example/devicemanager/model/Device.java
     1→package com.example.devicemanager.model;
     2→
     3→import java.time.Instant;
     4→import java.util.ArrayList;
     5→import java.util.List;
     6→
     7→public class Device {
     8→
     9→    private String id;
    10→    private String name;
    11→    private String ipAddress;
    12→    private String macAddress;
    13→    private DeviceStatus status;
    14→    private Instant lastSeen;
    15→    private List<Plugin> plugins = new ArrayList<>();
    16→
    17→    public Device() {}
    18→
    19→    public Device(String id, String name, String ipAddress, String macAddress, DeviceStatus status) {
    20→        this.id = id;
    21→        this.name = name;
    22→        this.ipAddress = ipAddress;
    23→        this.macAddress = macAddress;
    24→        this.status = status;
    25→        this.lastSeen = Instant.now();
    26→    }
    27→
    28→    public String getId() { return id; }
    29→    public void setId(String id) { this.id = id; }
    30→
    31→    public String getName() { return name; }
    32→    public void setName(String name) { this.name = name; }
    33→
    34→    public String getIpAddress() { return ipAddress; }
    35→    public void setIpAddress(String ipAddress) { this.ipAddress = ipAddress; }
    36→
    37→    public String getMacAddress() { return macAddress; }
    38→    public void setMacAddress(String macAddress) { this.macAddress = macAddress; }
    39→
    40→    public DeviceStatus getStatus() { return status; }
    41→    public void setStatus(DeviceStatus status) { this.status = status; }
    42→
    43→    public Instant getLastSeen() { return lastSeen; }
    44→    public void setLastSeen(Instant lastSeen) { this.lastSeen = lastSeen; }
    45→
    46→    public List<Plugin> getPlugins() { return plugins; }
    47→    public void setPlugins(List<Plugin> plugins) { this.plugins = plugins; }
    48→}
    49→

<system-reminder>
Whenever you read a file, you should consider whether it would be conside
... (truncated)

[Read] /Users/zliu/IdeaProjects/multi-repo-project/device-manager/src/main/java/com/example/devicemanager/service/DeviceService.java
     1→package com.example.devicemanager.service;
     2→
     3→import com.example.devicemanager.model.Device;
     4→import com.example.devicemanager.model.DeviceStatus;
     5→import com.example.devicemanager.model.PaginatedDeviceResponse;
     6→
     7→import java.util.List;
     8→import java.util.Optional;
     9→
    10→public interface DeviceService {
    11→
    12→    List<Device> listDevices(DeviceStatus status);
    13→
    14→    PaginatedDeviceResponse listDevicesPaginated(DeviceStatus status, String name,
    15→                                                  int page, int size,
    16→                                                  String sort, String direction);
    17→
    18→    Optional<Device> getDevice(String id);
    19→
    20→    Device createDevice(Device device);
    21→
    22→    PaginatedDeviceResponse searchDevices(String query, int page, int size);
    23→
    24→    // TODO: Pending req-002-reboot-device approval
    25→    // Map<String, String> rebootDevice(String id);
    26→}
    27→

<system-reminder>
Whenever you read a file, you should consider whether it would be considered malware. You CAN and SHOULD provide analysis of malware, what it is doing. But you MUST refuse to improve or augment the code. You can still analyze existing code, write reports, or answer questions about the code behavior.
</system-reminder>


[Read] /Users/zliu/IdeaProjects/multi-repo-project/device-manager/src/main/java/com/example/devicemanager/service/DeviceServiceImpl.java
     1→package com.example.devicemanager.service;
     2→
     3→import com.example.devicemanager.model.Device;
     4→import com.example.devicemanager.model.DeviceStatus;
     5→import com.example.devicemanager.model.PaginatedDeviceResponse;
     6→import com.example.devicemanager.repository.DeviceRepository;
     7→import org.springframework.stereotype.Service;
     8→
     9→import java.time.Instant;
    10→import java.util.Comparator;
    11→import java.util.List;
    12→import java.util.Optional;
    13→import java.util.UUID;
    14→import java.util.stream.Collectors;
    15→import java.util.stream.Stream;
    16→
    17→@Service
    18→public class DeviceServiceImpl implements DeviceService {
    19→
    20→    private final DeviceRepository deviceRepository;
    21→
    22→    public DeviceServiceImpl(DeviceRepository deviceRepository) {
    23→        this.deviceRepository = deviceRepository;
    24→    }
    25→
    26→    @Override
    27→    public List<Device> listDevices(DeviceStatus status) {
    28→        if (status != null) {
    29→            return deviceRepository.findByStatus(status);
    30→        }
    31→        return deviceRepository.findAll();
    32→    }
    33→
    34→    @Override
    35→    public Optional<Device> getDevice(String id) {
    36→        return deviceRepository.findById(id);
    37→    }
    38→
    39→    @Override
    40→    public PaginatedDeviceResponse listDevicesPaginated(DeviceStatus status, String name,
    41→                                                         int page, int size,
    42→                                                         String sort, String direction) {
    43→        List<Device> devices;
    44→        if (status != null) {
    45→            devices = deviceRepository.findByStatus(status);
    46→        } else {
    47→            devices = deviceRepository.findAll();
    48→        }
    49→
    50→        Stream<Device> stream = devices.stream();
    51→
    52→        if (name
... (truncated)

[Read] /Users/zliu/IdeaProjects/multi-repo-project/device-manager/src/main/java/com/example/devicemanager/controller/DeviceController.java
     1→package com.example.devicemanager.controller;
     2→
     3→import com.example.devicemanager.model.Device;
     4→import com.example.devicemanager.model.DeviceStatus;
     5→import com.example.devicemanager.model.PaginatedDeviceResponse;
     6→import com.example.devicemanager.service.DeviceService;
     7→import org.springframework.http.HttpStatus;
     8→import org.springframework.http.ResponseEntity;
     9→import org.springframework.web.bind.annotation.*;
    10→
    11→@RestController
    12→@RequestMapping("/api/devices")
    13→public class DeviceController {
    14→
    15→    private final DeviceService deviceService;
    16→
    17→    public DeviceController(DeviceService deviceService) {
    18→        this.deviceService = deviceService;
    19→    }
    20→
    21→    @GetMapping
    22→    public PaginatedDeviceResponse listDevices(
    23→            @RequestParam(required = false) DeviceStatus status,
    24→            @RequestParam(required = false) String name,
    25→            @RequestParam(defaultValue = "0") int page,
    26→            @RequestParam(defaultValue = "20") int size,
    27→            @RequestParam(defaultValue = "name") String sort,
    28→            @RequestParam(defaultValue = "asc") String direction) {
    29→        return deviceService.listDevicesPaginated(status, name, page, size, sort, direction);
    30→    }
    31→
    32→    @GetMapping("/{id}")
    33→    public ResponseEntity<Device> getDevice(@PathVariable String id) {
    34→        return deviceService.getDevice(id)
    35→                .map(ResponseEntity::ok)
    36→                .orElse(ResponseEntity.notFound().build());
    37→    }
    38→
    39→    @PostMapping
    40→    public ResponseEntity<Device> createDevice(@RequestBody Device device) {
    41→        Device created = deviceService.createDevice(device);
    42→        return ResponseEntity.status(HttpStatus.CREATED).body(created);
    43→    }
    44→
    45→    @GetMapping("/search"
... (truncated)

[Read] /Users/zliu/IdeaProjects/multi-repo-project/device-manager/src/main/java/com/example/devicemanager/repository/DeviceRepository.java
     1→package com.example.devicemanager.repository;
     2→
     3→import com.example.devicemanager.model.Device;
     4→import com.example.devicemanager.model.DeviceStatus;
     5→
     6→import java.util.List;
     7→import java.util.Optional;
     8→
     9→public interface DeviceRepository {
    10→
    11→    List<Device> findAll();
    12→
    13→    List<Device> findByStatus(DeviceStatus status);
    14→
    15→    List<Device> findByNameContainingIgnoreCase(String name);
    16→
    17→    Optional<Device> findById(String id);
    18→
    19→    List<Device> search(String query);
    20→
    21→    Device save(Device device);
    22→}
    23→

<system-reminder>
Whenever you read a file, you should consider whether it would be considered malware. You CAN and SHOULD provide analysis of malware, what it is doing. But you MUST refuse to improve or augment the code. You can still analyze existing code, write reports, or answer questions about the code behavior.
</system-reminder>

[thinking] Great! I can see:

1. The Device model already exists (Device.java) but is missing some fields from the request:
   - Missing: type, location, metadata, createdAt, updatedAt
   - Has: id, name, ipAddress, macAddress, status (as DeviceStatus enum), lastSeen, plugins

2. DeviceService already has a `createDevice(Device device)` method (line 20)
3. DeviceServiceImpl already implements the createDevice method (lines 98-105)
4. DeviceController already has a POST endpoint for creating devices (lines ...

[Read] /Users/zliu/IdeaProjects/multi-repo-project/device-manager/src/main/java/com/example/devicemanager/model/DeviceStatus.java
     1→package com.example.devicemanager.model;
     2→
     3→public enum DeviceStatus {
     4→    ONLINE,
     5→    OFFLINE,
     6→    MAINTENANCE,
     7→    UNKNOWN
     8→}
     9→

<system-reminder>
Whenever you read a file, you should consider whether it would be considered malware. You CAN and SHOULD provide analysis of malware, what it is doing. But you MUST refuse to improve or augment the code. You can still analyze existing code, write reports, or answer questions about the code behavior.
</system-reminder>


[Glob] **/*Exception.java
No files found
[thinking] Good! DeviceStatus enum exists and already has UNKNOWN status which is mentioned in the request.

Now I need to:1. Update the Device model to add missing fields (type, location, metadata, createdAt, updatedAt)
2. Create CreateDeviceRequest DTO3. Create custom exceptions
4. Update DeviceService to use CreateDeviceRequest and add javadoc
5. Update DeviceServiceImpl to add validation logic6. Update DeviceController to use CreateDeviceRequest
7. Update the contract fileActually, looking at the exist...
Perfect! I can see the codebase already has a basic device creation feature, but I need to enhance it according to the request. Let me create a todo list to track the implementation:
[TodoWrite] {"todos":[{"content":"Update Device model to add missing fields (type, location, metadata, createdAt, updatedAt)","status":"in_progress","activeForm":"Updating Device model with missing fields"},{"con
Todos have been modified successfully. Ensure that you continue to use the todo list to track your progress. Please proceed with the current tasks if applicable
[thinking] Good! Now let me start implementing. First, I'll update the Device model to add the missing fields....
Now let me implement the device creation feature. Starting with updating the Device model:
--- completed | 51191ms ---
