--- local | frontend | 2026-02-23T21:23:19.563Z ---
[REQUEST] req-007-start-service
[thinking] The user is presenting me with a request from the Accord protocol. Let me understand what's happening:

1. I'm the frontend module agent
2. I received a request (req-007-start-service) from the orchestrator
3. The request type is "command" with scope "external" and priority "high"
4. The request asks me to start the frontend service

According to the Accord protocol rules, specifically the "ON_COMMAND (Auto-Execute Remote Commands)" section:
- When checking inbox, if I find requests with `type: ...
I'm working as the **frontend** module. I've received a command-type request to start the frontend service.

Let me first read the request file to see its current state:
[Read] /Users/zliu/IdeaProjects/multi-repo-project/accord_hub/comms/inbox/frontend/req-007-start-service.md
     1→---
     2→id: req-007-start-service
     3→from: orchestrator
     4→to: frontend
     5→scope: external
     6→type: command
     7→priority: high
     8→status: in-progress
     9→created: 2026-02-23T11:20:00.000Z
    10→updated: '2026-02-23T21:23:19.566Z'
    11→on_behalf_of: user
    12→command: start
    13→command_args: ''
    14→---
    15→
    16→## What
    17→
    18→启动 frontend 服务。
    19→
    20→## Proposed Change
    21→
    22→执行前端服务启动操作:
    23→1. 安装依赖 (如需要)
    24→2. 启动开发服务器或构建后的生产服务器
    25→3. 监听配置的端口
    26→4. 报告服务状态为 running
    27→
    28→## Why
    29→
    30→用户请求启动 frontend 服务,使前端应用可访问。
    31→
    32→## Impact
    33→
    34→- **服务启动**: frontend 进程将运行
    35→- **UI 可用**: 前端应用将可以通过浏览器访问
    36→- **API 连接**: 将连接到 web-server 的 API 端点
    37→- **端口占用**: 将占用配置的端口(通常是 3000, 5173, 或 8081)
    38→

<system-reminder>
Whenever you read a file, you should consider whether it would be considered malware. You CAN and SHOULD provide analysis of malware, what it is doing. But you MUST refuse to improve or augment the code. You can still analyze existing code, write reports, or answer questions about the code behavior.
</system-reminder>

[thinking] The request is already set to "in-progress", which means someone (likely another agent or the orchestrator) has already started processing it. The command field shows "start" with empty command_args.

Looking at this, I need to:
1. Start the frontend service
2. Report the result in the request file
3. Mark it as completed
4. Archive it
5. Commit

Let me check what type of application this is and how to start it. Based on the git status showing .class files and Maven structure, this is a Java Spr...
I can see the request is already `in-progress`. This is a command to start the frontend service. Let me check the project structure to understand how to start it:
[Read] /Users/zliu/IdeaProjects/multi-repo-project/frontend/pom.xml
     1→<?xml version="1.0" encoding="UTF-8"?>
     2→<project xmlns="http://maven.apache.org/POM/4.0.0"
     3→         xmlns:xsi="http://www.w3.org/2001/XMLSchema-instance"
     4→         xsi:schemaLocation="http://maven.apache.org/POM/4.0.0 https://maven.apache.org/xsd/maven-4.0.0.xsd">
     5→    <modelVersion>4.0.0</modelVersion>
     6→
     7→    <parent>
     8→        <groupId>org.springframework.boot</groupId>
     9→        <artifactId>spring-boot-starter-parent</artifactId>
    10→        <version>3.2.0</version>
    11→        <relativePath/>
    12→    </parent>
    13→
    14→    <groupId>com.example</groupId>
    15→    <artifactId>frontend</artifactId>
    16→    <version>0.1.0-SNAPSHOT</version>
    17→    <name>frontend</name>
    18→    <description>Web UI service — serves page data by consuming web-server APIs</description>
    19→
    20→    <properties>
    21→        <java.version>17</java.version>
    22→    </properties>
    23→
    24→    <dependencies>
    25→        <dependency>
    26→            <groupId>org.springframework.boot</groupId>
    27→            <artifactId>spring-boot-starter-web</artifactId>
    28→        </dependency>
    29→    </dependencies>
    30→
    31→    <build>
    32→        <plugins>
    33→            <plugin>
    34→                <groupId>org.springframework.boot</groupId>
    35→                <artifactId>spring-boot-maven-plugin</artifactId>
    36→            </plugin>
    37→        </plugins>
    38→    </build>
    39→</project>
    40→

<system-reminder>
Whenever you read a file, you should consider whether it would be considered malware. You CAN and SHOULD provide analysis of malware, what it is doing. But you MUST refuse to improve or augment the code. You can still analyze existing code, write reports, or answer questions about the code behavior.
</system-reminder>


[Bash] ps aux | grep -i "frontend" | grep -i "java" | grep -v grep

[thinking] Good - this is a Spring Boot application (version 3.2.0). The service is not currently running (no output from the ps command).

Now I need to start the service. For a Spring Boot Maven project, I can use:
- `mvn spring-boot:run` to run in development mode
- Or `java -jar target/*.jar` if it's already built

Let me check the application configuration to see what port it runs on:...
The frontend is a Spring Boot application and is not currently running. Let me check the configuration to see what port it should run on:
[Glob] **/application*.properties

[Glob] **/application*.yml
No files found
No files found
[thinking] No application properties or yml files found. That means it will use Spring Boot defaults (port 8080). Let me start the service using mvn spring-boot:run in the background.

According to the Accord protocol, for command-type requests, I should execute automatically. The request is already in-progress, so I should proceed with starting the service....
No custom configuration found - the service will use Spring Boot defaults (port 8080). Now I'll start the frontend service:
[Bash] mvn spring-boot:run > /tmp/frontend-service.log 2>&1 &

[thinking] The command has been sent to start the service in the background. Let me wait a moment and then check if the service has started successfully. I'll check the logs and see if the process is running....
Let me wait a moment for the service to start, then verify it's running:
[Bash] sleep 3 && ps aux | grep -i "spring-boot:run" | grep -v grep

[Bash] tail -20 /tmp/frontend-service.log
Web server failed to start. Port 8080 was already in use.

Action:

Identify and stop the process that's listening on port 8080 or configure this application to listen on another port.

[INFO] ------------------------------------------------------------------------
[INFO] BUILD FAILURE
[INFO] ------------------------------------------------------------------------
[INFO] Total time:  1.252 s
[INFO] Finished at: 2026-02-23T13:24:04-08:00
[INFO] ------------------------------------------------------------------------
[ERROR] Failed to execute goal org.springframework.boot:spring-boot-maven-plugin:3.2.0:run (default-cli) on project frontend: Process terminated with exit code: 1 -> [Help 1]
[ERROR] 
[ERROR] To see the full stack trace of the errors, re-run Maven with the -e switch.
[ERROR] Re-run Maven using the -X switch to enable full debug logging.
[ERROR] 
[ERROR] For more information about the errors and possible solutions, please read the following articles:
[ERROR] [Help 1] http://cwiki.apache.org/confluence/display/MAVEN/MojoExecutionException
zliu             98064   0.0  0.0 443391984  11632   ??  SN   11:16AM   0:03.96 /opt/homebrew/opt/openjdk/libexec/openjdk.jdk/Contents/Home/bin/java --enable-native-access=ALL-UNNAMED -classpath /opt/homebrew/Cellar/maven/3.9.11/libexec/boot/plexus-classworlds-2.9.0.jar -Dclassworlds.conf=/opt/homebrew/Cellar/maven/3.9.11/libexec/bin/m2.conf -Dmaven.home=/opt/homebrew/Cellar/maven/3.9.11/libexec -Dlibrary.jansi.path=/opt/homebrew/Cellar/maven/3.9.11/libexec/lib/jansi-native -Dmaven.multiModuleProjectDirectory=/Users/zliu/IdeaProjects/multi-repo-project/web-server org.codehaus.plexus.classworlds.launcher.Launcher spring-boot:run
[thinking] The service failed to start because port 8080 is already in use. I can see from the first command that there's already a Maven process running, and it seems to be for the web-server service (based on the path in the command).

So the issue is that another service (likely web-server) is already using port 8080. I need to either:
1. Configure the frontend to use a different port
2. Stop the service using port 8080

Let me check what's listening on port 8080:...
The service failed to start because port 8080 is already in use. Let me check what's using that port:
[Bash] lsof -i :8080 | grep LISTEN
java    98085 zliu   66u  IPv6 0xeee77ac52f7c180      0t0  TCP *:http-alt (LISTEN)
[thinking] Port 8080 is occupied by a Java process (PID 98085). This is likely the web-server service. According to the Accord protocol and the registry concept, frontend and web-server are separate services, and they should run on different ports.

The best solution is to configure the frontend to use a different port. Spring Boot applications typically use port 8080 by default, but the frontend should use a different port (commonly 8081, 3000, or 5173 for frontend apps).

Let me create an application.pro...
Port 8080 is occupied by another service (likely web-server). I need to configure the frontend to use a different port. Let me create a configuration file:
[Bash] mkdir -p src/main/resources


[Write] /Users/zliu/IdeaProjects/multi-repo-project/frontend/src/main/resources/application.properties
File created successfully at: /Users/zliu/IdeaProjects/multi-repo-project/frontend/src/main/resources/application.properties
[thinking] Good! I've created the application.properties file to configure the frontend to run on port 8081 instead of 8080. Now let me start the service again:...
Now let me start the service again on port 8081:
[Bash] mvn spring-boot:run > /tmp/frontend-service.log 2>&1 &

[thinking] The service start command has been executed. Let me wait and check if it started successfully this time:...

[Bash] sleep 5 && tail -30 /tmp/frontend-service.log
[INFO] No sources to compile
[INFO] 
[INFO] <<< spring-boot:3.2.0:run (default-cli) < test-compile @ frontend <<<
[INFO] 
[INFO] 
[INFO] --- spring-boot:3.2.0:run (default-cli) @ frontend ---
[INFO] Attaching agents: []

  .   ____          _            __ _ _
 /\\ / ___'_ __ _ _(_)_ __  __ _ \ \ \ \
( ( )\___ | '_ | '_| | '_ \/ _` | \ \ \ \
 \\/  ___)| |_)| | | | | || (_| |  ) ) ) )
  '  |____| .__|_| |_|_| |_\__, | / / / /
 =========|_|==============|___/=/_/_/_/
 :: Spring Boot ::                (v3.2.0)

2026-02-23T13:24:27.052-08:00  INFO 35514 --- [           main] c.example.frontend.FrontendApplication   : Starting FrontendApplication using Java 25 with PID 35514 (/Users/zliu/IdeaProjects/multi-repo-project/frontend/target/classes started by zliu in /Users/zliu/IdeaProjects/multi-repo-project/frontend)
2026-02-23T13:24:27.053-08:00  INFO 35514 --- [           main] c.example.frontend.FrontendApplication   : No active profile set, falling back to 1 default profile: "default"
WARNING: A restricted method in java.lang.System has been called
WARNING: java.lang.System::load has been called by org.apache.tomcat.jni.Library in an unnamed module (file:/Users/zliu/.m2/repository/org/apache/tomcat/embed/tomcat-embed-core/10.1.16/tomcat-embed-core-10.1.16.jar)
WARNING: Use --enable-native-access=ALL-UNNAMED to avoid a warning for callers in this module
WARNING: Restricted methods will be blocked in a future release unless native access is enabled

2026-02-23T13:24:27.299-08:00  INFO 35514 --- [           main] o.s.b.w.embedded.tomcat.TomcatWebServer  : Tomcat initialized with port 8081 (http)
2026-02-23T13:24:27.302-08:00  INFO 35514 --- [           main] o.apache.catalina.core.StandardService   : Starting service [Tomcat]
2026-02-23T13:24:27.302-08:00  INFO 35514 --- [           main] o.apache.catalina.core.StandardEngine    : Starting Servlet engine: [Apache Tomcat/10.1.16]
2026-02-23T13:24:27.322-08:00  INFO 35514 --- [           main] o.a.c.c.C.[Tomcat].[localhost].
... (truncated)
[thinking] Excellent! The service has started successfully. I can see from the logs:
- Tomcat initialized with port 8081 (http)
- Started FrontendApplication in 0.483 seconds
- The service is now running

Now I need to verify it's actually running and accessible, then update the request file with the result....
Perfect! The frontend service has started successfully. Let me verify it's responding:
[Bash] curl -s -o /dev/null -w "%{http_code}" http://localhost:8081/
404

[Bash] ps aux | grep "spring-boot:run" | grep "frontend" | grep -v grep
zliu             35493   0.0  0.7 443397440 166496   ??  SN    1:24PM   0:02.07 /opt/homebrew/opt/openjdk/libexec/openjdk.jdk/Contents/Home/bin/java --enable-native-access=ALL-UNNAMED -classpath /opt/homebrew/Cellar/maven/3.9.11/libexec/boot/plexus-classworlds-2.9.0.jar -Dclassworlds.conf=/opt/homebrew/Cellar/maven/3.9.11/libexec/bin/m2.conf -Dmaven.home=/opt/homebrew/Cellar/maven/3.9.11/libexec -Dlibrary.jansi.path=/opt/homebrew/Cellar/maven/3.9.11/libexec/lib/jansi-native -Dmaven.multiModuleProjectDirectory=/Users/zliu/IdeaProjects/multi-repo-project/frontend org.codehaus.plexus.classworlds.launcher.Launcher spring-boot:run
[thinking] Great! The service is running and responding (404 is expected since there's no root path handler defined, but it shows the server is up and responding). The process is confirmed running with PID 35493.

Now I need to:
1. Update the request file with a Result section showing the service started successfully
2. Update the status to "completed"
3. Move the request to the archive
4. Commit the changes

Let me read the request file again and update it with the result:...
Excellent! The frontend service is now running on port 8081 (HTTP 404 is expected - the server is responding). Now I'll update the request with the result and complete it:
[Edit] /Users/zliu/IdeaProjects/multi-repo-project/accord_hub/comms/inbox/frontend/req-007-start-service.md — "---
id: req-007-start-service
from: orchestrator
to: fronten..."
The file /Users/zliu/IdeaProjects/multi-repo-project/accord_hub/comms/inbox/frontend/req-007-start-service.md has been updated successfully.
[thinking] Now I need to add a Result section at the end of the request file to document what happened:...

[Read] /Users/zliu/IdeaProjects/multi-repo-project/accord_hub/comms/inbox/frontend/req-007-start-service.md
     1→---
     2→id: req-007-start-service
     3→from: orchestrator
     4→to: frontend
     5→scope: external
     6→type: command
     7→priority: high
     8→status: completed
     9→created: 2026-02-23T11:20:00.000Z
    10→updated: '2026-02-23T21:24:35.000Z'
    11→on_behalf_of: user
    12→command: start
    13→command_args: ''
    14→---
    15→
    16→## What
    17→
    18→启动 frontend 服务。
    19→
    20→## Proposed Change
    21→
    22→执行前端服务启动操作:
    23→1. 安装依赖 (如需要)
    24→2. 启动开发服务器或构建后的生产服务器
    25→3. 监听配置的端口
    26→4. 报告服务状态为 running
    27→
    28→## Why
    29→
    30→用户请求启动 frontend 服务,使前端应用可访问。
    31→
    32→## Impact
    33→
    34→- **服务启动**: frontend 进程将运行
    35→- **UI 可用**: 前端应用将可以通过浏览器访问
    36→- **API 连接**: 将连接到 web-server 的 API 端点
    37→- **端口占用**: 将占用配置的端口(通常是 3000, 5173, 或 8081)
    38→

<system-reminder>
Whenever you read a file, you should consider whether it would be considered malware. You CAN and SHOULD provide analysis of malware, what it is doing. But you MUST refuse to improve or augment the code. You can still analyze existing code, write reports, or answer questions about the code behavior.
</system-reminder>

[thinking] Now I need to add a Result section at the end of the file:...

[Edit] /Users/zliu/IdeaProjects/multi-repo-project/accord_hub/comms/inbox/frontend/req-007-start-service.md — "## Impact

- **服务启动**: frontend 进程将运行
- **UI 可用**: 前端应用将可以通过..."
The file /Users/zliu/IdeaProjects/multi-repo-project/accord_hub/comms/inbox/frontend/req-007-start-service.md has been updated successfully.
[thinking] Good! Now I need to:1. Move the request to the archive directory2. Commit the changes

Let me first make sure the archive directory exists, then move the file:...
Now I'll move the completed request to the archive:
[Bash] mkdir -p comms/archive && cp /Users/zliu/IdeaProjects/multi-repo-project/accord_hub/comms/inbox/frontend/req-007-start-service.md comms/archive/req-007-start-service.md

[thinking] Good. Now I need to commit all the changes. According to the instructions, I should:
1. Commit with a message prefixed with "accord: "
2. NOT push (the dispatcher handles that)Let me stage and commit all the changes:...
Now I'll commit all changes:
[Bash] git add src/main/resources/application.properties comms/archive/req-007-start-service.md && git commit -m "accord: completed req-007-start-service - Started frontend service on port 8081"
[main 6e0c806] accord: completed req-007-start-service - Started frontend service on port 8081
 2 files changed, 58 insertions(+)
 create mode 100644 comms/archive/req-007-start-service.md
 create mode 100644 src/main/resources/application.properties
[thinking] Perfect! I've completed the request. Let me now summarize what was done for the user....
✅ **Request completed successfully!**

I've started the frontend service with the following results:

**Service Details:**
- **Application**: Spring Boot 3.2.0 frontend service
- **Port**: 8081 (HTTP)
- **Status**: Running (PID 35493)
- **Access URL**: http://localhost:8081/
- **Startup time**: 0.483 seconds

**Configuration Changes:**
- Created `src/main/resources/application.properties` to configure:
  - Server port: 8081 (avoiding conflict with web-server on 8080)
  - Web-server base URL: http://localhost:8080

**What I did:**
1. Attempted to start on default port 8080, but it was already in use by web-server
2. Created application.properties to configure frontend on port 8081
3. Started the service successfully using `mvn spring-boot:run`
4. Verified the service is running and responding
5. Updated request status to completed and archived it
6. Committed changes with message: `accord: completed req-007-start-service - Started frontend service on port 8081`

The frontend service is now running and ready to serve pages by consuming web-server APIs. As per protocol, I have NOT pushed to remote - the dispatcher will handle that.
--- completed | 117845ms ---
