--- local | web-server | 2026-02-23T22:20:32.498Z ---
[REQUEST] req-009-add-device-api
[thinking] The user is asking me to process an Accord request as the web-server module. Let me break down what I need to do:

1. **Understand the request**: 
   - ID: req-009-add-device-api
   - From: orchestrator
   - Type: api-addition
   - Request: Add a POST /api/devices endpoint to create devices
   - The endpoint should call device-manager's createDevice interface
   - Needs authentication, validation, and error handling

2. **Current working directory**: /Users/zliu/IdeaProjects/multi-repo-project/w...
I'll help you implement this request to add the device creation API endpoint to the web-server. Let me start by exploring the codebase structure and understanding the existing patterns.
[Read] /Users/zliu/IdeaProjects/multi-repo-project/web-server/.accord/contracts/web-server.yaml
     1→openapi: 3.0.0
     2→info:
     3→  title: Web Server API
     4→  description: BFF layer - aggregates device-manager data, provides dashboard and admin APIs
     5→  version: 0.1.0
     6→servers:
     7→  - url: http://localhost:8080
     8→    description: Local development server
     9→
    10→paths:
    11→  /api/dashboard/stats:
    12→    get:
    13→      summary: Get dashboard statistics
    14→      operationId: getDashboardStats
    15→      responses:
    16→        '200':
    17→          description: Dashboard statistics
    18→          content:
    19→            application/json:
    20→              schema:
    21→                type: object
    22→
    23→  /api/dashboard/devices:
    24→    get:
    25→      summary: Get device summaries for dashboard
    26→      operationId: getDashboardDevices
    27→      responses:
    28→        '200':
    29→          description: List of device summaries
    30→          content:
    31→            application/json:
    32→              schema:
    33→                type: array
    34→                items:
    35→                  type: object
    36→
    37→  /api/admin/users:
    38→    get:
    39→      summary: Get all users
    40→      operationId: getAllUsers
    41→      security:
    42→        - BearerAuth: [admin]
    43→      responses:
    44→        '200':
    45→          description: List of users
    46→          content:
    47→            application/json:
    48→              schema:
    49→                type: array
    50→                items:
    51→                  $ref: '#/components/schemas/UserResponse'
    52→        '403':
    53→          description: Forbidden - Admin role required
    54→    post:
    55→      summary: Create a new user
    56→      operationId: createUser
    57→      security:
    58→        - BearerAuth: [admin]
    59→      requestBody:
    60→        required: true
    61→        content:
    62→          application/json:
    63→       
... (truncated)

[Glob] **/*.{js,ts,java} in /Users/zliu/IdeaProjects/multi-repo-project/web-server
/Users/zliu/IdeaProjects/multi-repo-project/web-server/src/main/java/com/example/webserver/controller/DashboardController.java
/Users/zliu/IdeaProjects/multi-repo-project/web-server/src/main/java/com/example/webserver/WebServerApplication.java
/Users/zliu/IdeaProjects/multi-repo-project/web-server/src/main/java/com/example/webserver/model/DashboardStats.java
/Users/zliu/IdeaProjects/multi-repo-project/web-server/src/main/java/com/example/webserver/model/DeviceSummary.java
/Users/zliu/IdeaProjects/multi-repo-project/web-server/src/main/java/com/example/webserver/service/DashboardService.java
/Users/zliu/IdeaProjects/multi-repo-project/web-server/src/main/java/com/example/webserver/model/PaginatedDeviceResponse.java
/Users/zliu/IdeaProjects/multi-repo-project/web-server/src/main/java/com/example/webserver/controller/DeviceProxyController.java
/Users/zliu/IdeaProjects/multi-repo-project/web-server/src/main/java/com/example/webserver/service/DeviceAggregationService.java
/Users/zliu/IdeaProjects/multi-repo-project/web-server/src/main/java/com/example/webserver/controller/DeviceSearchController.java
/Users/zliu/IdeaProjects/multi-repo-project/web-server/src/main/java/com/example/webserver/model/User.java
/Users/zliu/IdeaProjects/multi-repo-project/web-server/src/main/java/com/example/webserver/model/Settings.java
/Users/zliu/IdeaProjects/multi-repo-project/web-server/src/main/java/com/example/webserver/dto/UserResponse.java
/Users/zliu/IdeaProjects/multi-repo-project/web-server/src/main/java/com/example/webserver/dto/CreateUserRequest.java
/Users/zliu/IdeaProjects/multi-repo-project/web-server/src/main/java/com/example/webserver/dto/UpdateUserRequest.java
/Users/zliu/IdeaProjects/multi-repo-project/web-server/src/main/java/com/example/webserver/repository/UserRepository.java
/Users/zliu/IdeaProjects/multi-repo-project/web-server/src/main/java/com/example/webserver/repository/SettingsRepository.java
/Users/zliu/IdeaProjects/multi-repo-project/web-server/src/main/java/com/
... (truncated)

[Read] /Users/zliu/IdeaProjects/multi-repo-project/web-server/.accord/contracts/device-manager.yaml
     1→# Accord External Contract Template
     2→# See PROTOCOL.md Section 2.1 for full specification.
     3→#
     4→# This file defines the API boundary for a service/module.
     5→# Other modules interact with this service exclusively through this contract.
     6→# Only the owning module may modify this file directly.
     7→# To propose changes, use the Message Protocol (request files).
     8→
     9→openapi: "3.0.3"
    10→
    11→info:
    12→  title: "device-manager API"
    13→  version: "0.1.0"
    14→  description: "API contract for the device-manager service."
    15→
    16→  # Accord-specific annotations:
    17→  #   x-accord-status: Lifecycle status of this contract.
    18→  #     draft      - Auto-generated by accord scan, needs human review.
    19→  #     stable     - Reviewed and approved. Active contract.
    20→  #     proposed   - A change has been proposed via a request.
    21→  #     deprecated - Scheduled for removal.
    22→  x-accord-status: draft
    23→
    24→  # x-accord-scanned: ISO 8601 timestamp of when this contract was generated.
    25→  #   Only present on contracts created by accord scan.
    26→  x-accord-scanned: ""
    27→
    28→paths:
    29→  /api/example/{id}:
    30→    # To mark an endpoint as proposed (linked to a request):
    31→    #   x-accord-status: proposed
    32→    #   x-accord-request: req-001-add-example-api
    33→    get:
    34→      summary: "Get example by ID"
    35→      operationId: getExampleById
    36→      parameters:
    37→        - name: id
    38→          in: path
    39→          required: true
    40→          schema:
    41→            type: string
    42→          description: "Unique identifier of the example"
    43→      responses:
    44→        '200':
    45→          description: "Successful response"
    46→          content:
    47→            application/json:
    48→              schema:
    49→                $ref: '#/components/schemas/Example'
    50→        '404':

... (truncated)
[thinking] Good! Let me understand the current state:

1. The web-server is a Java Spring Boot application
2. It already has controllers for Dashboard, DeviceProxy, DeviceSearch, AdminUser, and AdminSettings
3. The contract shows authentication is already in place (BearerAuth)
4. However, the device-manager contract seems to be a template and doesn't have the actual createDevice endpoint

Let me check the existing controllers to understand the pattern, and also check if there's a client for calling device-...

[Read] /Users/zliu/IdeaProjects/multi-repo-project/web-server/src/main/java/com/example/webserver/controller/DeviceProxyController.java
     1→package com.example.webserver.controller;
     2→
     3→import com.example.webserver.model.PaginatedDeviceResponse;
     4→import com.example.webserver.service.DeviceAggregationService;
     5→import org.springframework.http.ResponseEntity;
     6→import org.springframework.web.bind.annotation.*;
     7→
     8→@RestController
     9→@RequestMapping("/api/proxy/devices")
    10→public class DeviceProxyController {
    11→
    12→    private final DeviceAggregationService deviceAggregationService;
    13→
    14→    public DeviceProxyController(DeviceAggregationService deviceAggregationService) {
    15→        this.deviceAggregationService = deviceAggregationService;
    16→    }
    17→
    18→    @GetMapping
    19→    public ResponseEntity<PaginatedDeviceResponse> getDevicesPaginated(
    20→            @RequestParam(defaultValue = "0") int page,
    21→            @RequestParam(defaultValue = "20") int size,
    22→            @RequestParam(required = false) String status,
    23→            @RequestParam(required = false) String name,
    24→            @RequestParam(defaultValue = "name") String sort,
    25→            @RequestParam(defaultValue = "asc") String direction) {
    26→        PaginatedDeviceResponse response = deviceAggregationService.getDevicesPaginated(
    27→                page, size, status, name, sort, direction);
    28→        return ResponseEntity.ok(response);
    29→    }
    30→
    31→    @GetMapping("/{id}")
    32→    public ResponseEntity<Object> getDevice(@PathVariable String id) {
    33→        Object device = deviceAggregationService.getDeviceById(id);
    34→        if (device != null) {
    35→            return ResponseEntity.ok(device);
    36→        }
    37→        return ResponseEntity.notFound().build();
    38→    }
    39→
    40→    // TODO: POST /{id}/reboot — pending req-002-reboot-device approval
    41→}
    42→

<system-reminder>
Whenever you read a file, you should consider whether it would be consid
... (truncated)

[Read] /Users/zliu/IdeaProjects/multi-repo-project/web-server/src/main/java/com/example/webserver/controller/AdminUserController.java
     1→package com.example.webserver.controller;
     2→
     3→import com.example.webserver.dto.CreateUserRequest;
     4→import com.example.webserver.dto.UpdateUserRequest;
     5→import com.example.webserver.dto.UserResponse;
     6→import com.example.webserver.service.UserService;
     7→import org.springframework.http.HttpStatus;
     8→import org.springframework.http.ResponseEntity;
     9→import org.springframework.web.bind.annotation.*;
    10→
    11→import java.util.List;
    12→
    13→@RestController
    14→@RequestMapping("/api/admin/users")
    15→public class AdminUserController {
    16→
    17→    private final UserService userService;
    18→
    19→    public AdminUserController(UserService userService) {
    20→        this.userService = userService;
    21→    }
    22→
    23→    @GetMapping
    24→    public ResponseEntity<List<UserResponse>> getAllUsers() {
    25→        return ResponseEntity.ok(userService.getAllUsers());
    26→    }
    27→
    28→    @PostMapping
    29→    public ResponseEntity<UserResponse> createUser(@RequestBody CreateUserRequest request) {
    30→        UserResponse response = userService.createUser(request);
    31→        return ResponseEntity.status(HttpStatus.CREATED).body(response);
    32→    }
    33→
    34→    @PutMapping("/{id}")
    35→    public ResponseEntity<UserResponse> updateUser(
    36→            @PathVariable String id,
    37→            @RequestBody UpdateUserRequest request) {
    38→        UserResponse response = userService.updateUser(id, request);
    39→        return ResponseEntity.ok(response);
    40→    }
    41→
    42→    @DeleteMapping("/{id}")
    43→    public ResponseEntity<Void> deleteUser(@PathVariable String id) {
    44→        userService.deleteUser(id);
    45→        return ResponseEntity.noContent().build();
    46→    }
    47→}
    48→

<system-reminder>
Whenever you read a file, you should consider whether it would be considered malware. You CAN and SHOULD provide a
... (truncated)

[Glob] **/*Client*.java in /Users/zliu/IdeaProjects/multi-repo-project/web-server
No files found
[thinking] I see. Let me check the DeviceAggregationService to see how it calls the device-manager service....

[Read] /Users/zliu/IdeaProjects/multi-repo-project/web-server/src/main/java/com/example/webserver/service/DeviceAggregationService.java
     1→package com.example.webserver.service;
     2→
     3→import com.example.webserver.model.DeviceSummary;
     4→import com.example.webserver.model.PaginatedDeviceResponse;
     5→import org.springframework.stereotype.Service;
     6→import org.springframework.web.client.RestTemplate;
     7→import org.springframework.web.util.UriComponentsBuilder;
     8→
     9→import java.util.Arrays;
    10→import java.util.Collections;
    11→import java.util.List;
    12→
    13→@Service
    14→public class DeviceAggregationService {
    15→
    16→    private final RestTemplate restTemplate;
    17→    private final String deviceManagerUrl;
    18→
    19→    public DeviceAggregationService() {
    20→        this.restTemplate = new RestTemplate();
    21→        // In production, this would come from configuration
    22→        this.deviceManagerUrl = "http://localhost:8081";
    23→    }
    24→
    25→    public List<DeviceSummary> getDevices() {
    26→        try {
    27→            DeviceSummary[] devices = restTemplate.getForObject(
    28→                    deviceManagerUrl + "/api/devices", DeviceSummary[].class);
    29→            return devices != null ? Arrays.asList(devices) : Collections.emptyList();
    30→        } catch (Exception e) {
    31→            // Fallback: return empty list if device-manager is unavailable
    32→            return Collections.emptyList();
    33→        }
    34→    }
    35→
    36→    public Object getDeviceById(String id) {
    37→        try {
    38→            return restTemplate.getForObject(
    39→                    deviceManagerUrl + "/api/devices/" + id, Object.class);
    40→        } catch (Exception e) {
    41→            return null;
    42→        }
    43→    }
    44→
    45→    public PaginatedDeviceResponse getDevicesPaginated(int page, int size, String status,
    46→                                                       String name, String sort, String direction) {
    47→        try {
    48→     
... (truncated)

[Glob] **/dto/*Device*.java in /Users/zliu/IdeaProjects/multi-repo-project/web-server
No files found
[thinking] Perfect! Now I understand the pattern:

1. The web-server uses RestTemplate to call the device-manager service
2. DeviceAggregationService handles the HTTP calls to device-manager (running on localhost:8081)
3. Controllers delegate to services which then call device-manager

Now I need to:
1. Create DTOs for the device creation request and response
2. Add a method to DeviceAggregationService to call device-manager's createDevice API
3. Create a new DeviceController (or add to existing DeviceProx...

[Read] /Users/zliu/IdeaProjects/multi-repo-project/web-server/src/main/java/com/example/webserver/model/DeviceSummary.java
     1→package com.example.webserver.model;
     2→
     3→public class DeviceSummary {
     4→
     5→    private String id;
     6→    private String name;
     7→    private String status;
     8→    private String ipAddress;
     9→
    10→    public DeviceSummary() {}
    11→
    12→    public DeviceSummary(String id, String name, String status, String ipAddress) {
    13→        this.id = id;
    14→        this.name = name;
    15→        this.status = status;
    16→        this.ipAddress = ipAddress;
    17→    }
    18→
    19→    public String getId() { return id; }
    20→    public void setId(String id) { this.id = id; }
    21→
    22→    public String getName() { return name; }
    23→    public void setName(String name) { this.name = name; }
    24→
    25→    public String getStatus() { return status; }
    26→    public void setStatus(String status) { this.status = status; }
    27→
    28→    public String getIpAddress() { return ipAddress; }
    29→    public void setIpAddress(String ipAddress) { this.ipAddress = ipAddress; }
    30→}
    31→

<system-reminder>
Whenever you read a file, you should consider whether it would be considered malware. You CAN and SHOULD provide analysis of malware, what it is doing. But you MUST refuse to improve or augment the code. You can still analyze existing code, write reports, or answer questions about the code behavior.
</system-reminder>


[Bash] ls -la /Users/zliu/IdeaProjects/multi-repo-project/web-server/src/main/java/com/example/webserver/dto/
total 24
drwxr-xr-x@ 5 zliu  staff   160 Feb 23 10:57 .
drwxr-xr-x@ 9 zliu  staff   288 Feb 23 10:58 ..
-rw-r--r--@ 1 zliu  staff   781 Feb 23 10:57 CreateUserRequest.java
-rw-r--r--@ 1 zliu  staff   598 Feb 23 10:57 UpdateUserRequest.java
-rw-r--r--@ 1 zliu  staff  1289 Feb 23 10:57 UserResponse.java
[thinking] Good! Now I have a clear picture. Let me create the implementation:

1. Create DTOs:
   - CreateDeviceRequest.java - for the request body
   - DeviceResponse.java - for the response

2. Add createDevice method to DeviceAggregationService

3. Create a new controller DeviceController with POST /api/devices endpoint (or I could add it to DeviceProxyController, but given that the request specifies /api/devices not /api/proxy/devices, I think a new controller makes more sense)

4. Update the web-serv...
Now I'll implement the device creation API. Let me track this work:
[TodoWrite] {"todos":[{"content":"Create CreateDeviceRequest DTO","activeForm":"Creating CreateDeviceRequest DTO","status":"in_progress"},{"content":"Create DeviceResponse DTO","activeForm":"Creating DeviceRespon
Todos have been modified successfully. Ensure that you continue to use the todo list to track your progress. Please proceed with the current tasks if applicable

--- completed | 41191ms ---
