--- local | frontend | 2026-02-23T22:20:52.505Z ---
[REQUEST] req-010-add-device-ui
[thinking] The user wants me to process an Accord request to add a device creation UI to the frontend service. Let me understand what needs to be done:

1. **Request Details**:
   - ID: req-010-add-device-ui
   - From: orchestrator
   - To: frontend
   - Type: api-addition
   - Scope: external
   - Priority: medium

2. **What's Required**:
   - Create a UI form for adding new devices
   - Either as a separate page at `/devices/new` or as a modal dialog
   - Form fields: name (required), type (required), ip...
I'll process this Accord request to add a device creation UI to the frontend service. Let me start by exploring the current frontend structure to understand the tech stack and existing implementation.
[Glob] **/*.java in /Users/zliu/IdeaProjects/multi-repo-project/frontend
/Users/zliu/IdeaProjects/multi-repo-project/frontend/src/main/java/com/example/frontend/model/PageData.java
/Users/zliu/IdeaProjects/multi-repo-project/frontend/src/main/java/com/example/frontend/FrontendApplication.java
/Users/zliu/IdeaProjects/multi-repo-project/frontend/src/main/java/com/example/frontend/model/DeviceStatus.java
/Users/zliu/IdeaProjects/multi-repo-project/frontend/src/main/java/com/example/frontend/model/PaginatedResponse.java
/Users/zliu/IdeaProjects/multi-repo-project/frontend/src/main/java/com/example/frontend/model/PluginProtocol.java
/Users/zliu/IdeaProjects/multi-repo-project/frontend/src/main/java/com/example/frontend/model/Plugin.java
/Users/zliu/IdeaProjects/multi-repo-project/frontend/src/main/java/com/example/frontend/model/Device.java
/Users/zliu/IdeaProjects/multi-repo-project/frontend/src/main/java/com/example/frontend/service/DeviceMockDataProvider.java
/Users/zliu/IdeaProjects/multi-repo-project/frontend/src/main/java/com/example/frontend/model/User.java
/Users/zliu/IdeaProjects/multi-repo-project/frontend/src/main/java/com/example/frontend/model/SystemConfig.java
/Users/zliu/IdeaProjects/multi-repo-project/frontend/src/main/java/com/example/frontend/service/WebServerClient.java
/Users/zliu/IdeaProjects/multi-repo-project/frontend/src/main/java/com/example/frontend/controller/PageController.java

[Glob] **/templates/**/*.html in /Users/zliu/IdeaProjects/multi-repo-project/frontend
No files found

[Glob] **/static/**/* in /Users/zliu/IdeaProjects/multi-repo-project/frontend
No files found

[Read] /Users/zliu/IdeaProjects/multi-repo-project/frontend/pom.xml
     1→<?xml version="1.0" encoding="UTF-8"?>
     2→<project xmlns="http://maven.apache.org/POM/4.0.0"
     3→         xmlns:xsi="http://www.w3.org/2001/XMLSchema-instance"
     4→         xsi:schemaLocation="http://maven.apache.org/POM/4.0.0 https://maven.apache.org/xsd/maven-4.0.0.xsd">
     5→    <modelVersion>4.0.0</modelVersion>
     6→
     7→    <parent>
     8→        <groupId>org.springframework.boot</groupId>
     9→        <artifactId>spring-boot-starter-parent</artifactId>
    10→        <version>3.2.0</version>
    11→        <relativePath/>
    12→    </parent>
    13→
    14→    <groupId>com.example</groupId>
    15→    <artifactId>frontend</artifactId>
    16→    <version>0.1.0-SNAPSHOT</version>
    17→    <name>frontend</name>
    18→    <description>Web UI service — serves page data by consuming web-server APIs</description>
    19→
    20→    <properties>
    21→        <java.version>17</java.version>
    22→    </properties>
    23→
    24→    <dependencies>
    25→        <dependency>
    26→            <groupId>org.springframework.boot</groupId>
    27→            <artifactId>spring-boot-starter-web</artifactId>
    28→        </dependency>
    29→    </dependencies>
    30→
    31→    <build>
    32→        <plugins>
    33→            <plugin>
    34→                <groupId>org.springframework.boot</groupId>
    35→                <artifactId>spring-boot-maven-plugin</artifactId>
    36→            </plugin>
    37→        </plugins>
    38→    </build>
    39→</project>
    40→

<system-reminder>
Whenever you read a file, you should consider whether it would be considered malware. You CAN and SHOULD provide analysis of malware, what it is doing. But you MUST refuse to improve or augment the code. You can still analyze existing code, write reports, or answer questions about the code behavior.
</system-reminder>

[thinking] I can see this is a Spring Boot application. Let me check the controller and existing models to understand the current structure....

[Read] /Users/zliu/IdeaProjects/multi-repo-project/frontend/src/main/java/com/example/frontend/controller/PageController.java
     1→package com.example.frontend.controller;
     2→
     3→import com.example.frontend.model.Device;
     4→import com.example.frontend.model.PageData;
     5→import com.example.frontend.model.PaginatedResponse;
     6→import com.example.frontend.model.SystemConfig;
     7→import com.example.frontend.model.User;
     8→import com.example.frontend.service.WebServerClient;
     9→import org.springframework.http.ResponseEntity;
    10→import org.springframework.web.bind.annotation.GetMapping;
    11→import org.springframework.web.bind.annotation.RequestMapping;
    12→import org.springframework.web.bind.annotation.RequestParam;
    13→import org.springframework.web.bind.annotation.RestController;
    14→
    15→import java.util.LinkedHashMap;
    16→import java.util.List;
    17→import java.util.Map;
    18→
    19→@RestController
    20→@RequestMapping("/api/pages")
    21→public class PageController {
    22→
    23→    private final WebServerClient webServerClient;
    24→
    25→    public PageController(WebServerClient webServerClient) {
    26→        this.webServerClient = webServerClient;
    27→    }
    28→
    29→    @GetMapping("/dashboard")
    30→    public ResponseEntity<PageData> getDashboardPage() {
    31→        Map<String, Object> data = new LinkedHashMap<>();
    32→        data.put("stats", webServerClient.getDashboardStats());
    33→        data.put("recentDevices", webServerClient.getDashboardDevices());
    34→        return ResponseEntity.ok(new PageData("Dashboard", data));
    35→    }
    36→
    37→    @GetMapping("/devices/search")
    38→    public ResponseEntity<PageData> searchDevices(
    39→            @RequestParam String q,
    40→            @RequestParam(defaultValue = "0") int page,
    41→            @RequestParam(defaultValue = "20") int size) {
    42→        PaginatedResponse<Device> results = webServerClient.searchDevices(q, page, size);
    43→        return ResponseEntity.ok(new PageData("Device Search", results));
 
... (truncated)

[Read] /Users/zliu/IdeaProjects/multi-repo-project/frontend/src/main/java/com/example/frontend/model/Device.java
     1→package com.example.frontend.model;
     2→
     3→import java.time.Instant;
     4→import java.util.ArrayList;
     5→import java.util.List;
     6→
     7→public class Device {
     8→
     9→    private String id;
    10→    private String name;
    11→    private String ipAddress;
    12→    private String macAddress;
    13→    private DeviceStatus status;
    14→    private Instant lastSeen;
    15→    private List<Plugin> plugins;
    16→
    17→    public Device() {}
    18→
    19→    public Device(String id, String name, String ipAddress, String macAddress,
    20→                  DeviceStatus status, Instant lastSeen) {
    21→        this.id = id;
    22→        this.name = name;
    23→        this.ipAddress = ipAddress;
    24→        this.macAddress = macAddress;
    25→        this.status = status;
    26→        this.lastSeen = lastSeen;
    27→        this.plugins = new ArrayList<>();
    28→    }
    29→
    30→    public Device(String id, String name, String ipAddress, String macAddress,
    31→                  DeviceStatus status, Instant lastSeen, List<Plugin> plugins) {
    32→        this.id = id;
    33→        this.name = name;
    34→        this.ipAddress = ipAddress;
    35→        this.macAddress = macAddress;
    36→        this.status = status;
    37→        this.lastSeen = lastSeen;
    38→        this.plugins = plugins != null ? plugins : new ArrayList<>();
    39→    }
    40→
    41→    public String getId() { return id; }
    42→    public void setId(String id) { this.id = id; }
    43→
    44→    public String getName() { return name; }
    45→    public void setName(String name) { this.name = name; }
    46→
    47→    public String getIpAddress() { return ipAddress; }
    48→    public void setIpAddress(String ipAddress) { this.ipAddress = ipAddress; }
    49→
    50→    public String getMacAddress() { return macAddress; }
    51→    public void setMacAddress(String macAddress) { this.macAddress = macAddress; }
    5
... (truncated)

[Read] /Users/zliu/IdeaProjects/multi-repo-project/frontend/src/main/java/com/example/frontend/service/WebServerClient.java
     1→package com.example.frontend.service;
     2→
     3→import com.example.frontend.model.Device;
     4→import com.example.frontend.model.DeviceStatus;
     5→import com.example.frontend.model.PaginatedResponse;
     6→import com.example.frontend.model.Plugin;
     7→import com.example.frontend.model.PluginProtocol;
     8→import com.example.frontend.model.SystemConfig;
     9→import com.example.frontend.model.User;
    10→import org.springframework.stereotype.Service;
    11→import org.springframework.web.client.RestTemplate;
    12→import org.springframework.web.util.UriComponentsBuilder;
    13→
    14→import java.time.Instant;
    15→import java.util.ArrayList;
    16→import java.util.Collections;
    17→import java.util.LinkedHashMap;
    18→import java.util.List;
    19→import java.util.Map;
    20→
    21→@Service
    22→public class WebServerClient {
    23→
    24→    private final RestTemplate restTemplate;
    25→    private final String webServerUrl;
    26→
    27→    public WebServerClient() {
    28→        this.restTemplate = new RestTemplate();
    29→        // In production, this would come from configuration
    30→        this.webServerUrl = "http://localhost:8080";
    31→    }
    32→
    33→    public Object getDashboardStats() {
    34→        try {
    35→            return restTemplate.getForObject(
    36→                    webServerUrl + "/api/dashboard/stats", Object.class);
    37→        } catch (Exception e) {
    38→            return Collections.singletonMap("error", "web-server unavailable");
    39→        }
    40→    }
    41→
    42→    @SuppressWarnings("unchecked")
    43→    public Object getDashboardDevices() {
    44→        try {
    45→            return restTemplate.getForObject(
    46→                    webServerUrl + "/api/dashboard/devices", Object[].class);
    47→        } catch (Exception e) {
    48→            return Collections.emptyList();
    49→        }
    50→    }
    51→
    52→    public Pagina
... (truncated)

--- completed | 21170ms ---
